================================================================
Running LoRA: r=32, alpha=32, lr=0.0001
================================================================
Updated seed to 0
Updated encoder_path to exps/2026_05_24_11_44_45_train_clip_clip_seed_0/encoder.pt
Updated use_lora to True
Updated lora_trained to False
Updated max_train_steps to 3000
Updated projection_path to exps/2026_05_24_14_17_25_train_llm_train_val_test_vicuna-7b_3200_full_pipeline_0/best_project.pt
Updated tokenizer_path to exps/2026_05_24_14_17_25_train_llm_train_val_test_vicuna-7b_3200_full_pipeline_0/tokenizer
Updated llm_path to exps/2026_05_24_14_17_25_train_llm_train_val_test_vicuna-7b_3200_full_pipeline_0/best_llm_weights.pt
Updated exps_path to exps
Updated freeze_projection to False
Updated modules_to_save to ['embed_tokens']
Updated projection_lr to 0.0001
Updated llm_lr to 0.0001
Updated warmup_steps to 50
Updated val_freq to 150
Updated r to 32
Updated lora_alpha to 32
Updated lora_dropout to 0.05
Updated target_modules to ['q_proj', 'v_proj', 'k_proj', 'o_proj', 'gate_proj', 'up_proj', 'down_proj']
Updated llm_gradient_accumulation_steps to 16
Updated train to True
Updated val to True
Updated test to True
Updated tta_passes to 1
Running train_llm.py (Stage 2 - LoRA)...
Finished: r=32, lr=0.0001

================================================================
Running LoRA: r=32, alpha=32, lr=0.00005
================================================================
Updated seed to 0
Updated encoder_path to exps/2026_05_24_11_44_45_train_clip_clip_seed_0/encoder.pt
Updated use_lora to True
Updated lora_trained to False
Updated max_train_steps to 3000
Updated projection_path to exps/2026_05_24_14_17_25_train_llm_train_val_test_vicuna-7b_3200_full_pipeline_0/best_project.pt
Updated tokenizer_path to exps/2026_05_24_14_17_25_train_llm_train_val_test_vicuna-7b_3200_full_pipeline_0/tokenizer
Updated llm_path to exps/2026_05_24_14_17_25_train_llm_train_val_test_vicuna-7b_3200_full_pipeline_0/best_llm_weights.pt
Updated exps_path to exps
Updated freeze_projection to False
Updated modules_to_save to ['embed_tokens']
Updated projection_lr to 5e-05
Updated llm_lr to 5e-05
Updated warmup_steps to 50
Updated val_freq to 150
Updated r to 32
Updated lora_alpha to 32
Updated lora_dropout to 0.05
Updated target_modules to ['q_proj', 'v_proj', 'k_proj', 'o_proj', 'gate_proj', 'up_proj', 'down_proj']
Updated llm_gradient_accumulation_steps to 16
Updated train to True
Updated val to True
Updated test to True
Updated tta_passes to 1
Running train_llm.py (Stage 2 - LoRA)...
Finished: r=32, lr=0.00005

================================================================
Running LoRA: r=32, alpha=32, lr=0.00002
================================================================
Updated seed to 0
Updated encoder_path to exps/2026_05_24_11_44_45_train_clip_clip_seed_0/encoder.pt
Updated use_lora to True
Updated lora_trained to False
Updated max_train_steps to 3000
Updated projection_path to exps/2026_05_24_14_17_25_train_llm_train_val_test_vicuna-7b_3200_full_pipeline_0/best_project.pt
Updated tokenizer_path to exps/2026_05_24_14_17_25_train_llm_train_val_test_vicuna-7b_3200_full_pipeline_0/tokenizer
Updated llm_path to exps/2026_05_24_14_17_25_train_llm_train_val_test_vicuna-7b_3200_full_pipeline_0/best_llm_weights.pt
Updated exps_path to exps
Updated freeze_projection to False
Updated modules_to_save to ['embed_tokens']
Updated projection_lr to 2e-05
Updated llm_lr to 2e-05
Updated warmup_steps to 50
Updated val_freq to 150
Updated r to 32
Updated lora_alpha to 32
Updated lora_dropout to 0.05
Updated target_modules to ['q_proj', 'v_proj', 'k_proj', 'o_proj', 'gate_proj', 'up_proj', 'down_proj']
Updated llm_gradient_accumulation_steps to 16
Updated train to True
Updated val to True
Updated test to True
Updated tta_passes to 1
Running train_llm.py (Stage 2 - LoRA)...
Finished: r=32, lr=0.00002

================================================================
Running LoRA: r=64, alpha=64, lr=0.0001
================================================================
Updated seed to 0
Updated encoder_path to exps/2026_05_24_11_44_45_train_clip_clip_seed_0/encoder.pt
Updated use_lora to True
Updated lora_trained to False
Updated max_train_steps to 3000
Updated projection_path to exps/2026_05_24_14_17_25_train_llm_train_val_test_vicuna-7b_3200_full_pipeline_0/best_project.pt
Updated tokenizer_path to exps/2026_05_24_14_17_25_train_llm_train_val_test_vicuna-7b_3200_full_pipeline_0/tokenizer
Updated llm_path to exps/2026_05_24_14_17_25_train_llm_train_val_test_vicuna-7b_3200_full_pipeline_0/best_llm_weights.pt
Updated exps_path to exps
Updated freeze_projection to False
Updated modules_to_save to ['embed_tokens']
Updated projection_lr to 0.0001
Updated llm_lr to 0.0001
Updated warmup_steps to 50
Updated val_freq to 150
Updated r to 64
Updated lora_alpha to 64
Updated lora_dropout to 0.05
Updated target_modules to ['q_proj', 'v_proj', 'k_proj', 'o_proj', 'gate_proj', 'up_proj', 'down_proj']
Updated llm_gradient_accumulation_steps to 16
Updated train to True
Updated val to True
Updated test to True
Updated tta_passes to 1
Running train_llm.py (Stage 2 - LoRA)...
Finished: r=64, lr=0.0001

================================================================
Running LoRA: r=64, alpha=64, lr=0.00005
================================================================
Updated seed to 0
Updated encoder_path to exps/2026_05_24_11_44_45_train_clip_clip_seed_0/encoder.pt
Updated use_lora to True
Updated lora_trained to False
Updated max_train_steps to 3000
Updated projection_path to exps/2026_05_24_14_17_25_train_llm_train_val_test_vicuna-7b_3200_full_pipeline_0/best_project.pt
Updated tokenizer_path to exps/2026_05_24_14_17_25_train_llm_train_val_test_vicuna-7b_3200_full_pipeline_0/tokenizer
Updated llm_path to exps/2026_05_24_14_17_25_train_llm_train_val_test_vicuna-7b_3200_full_pipeline_0/best_llm_weights.pt
Updated exps_path to exps
Updated freeze_projection to False
Updated modules_to_save to ['embed_tokens']
Updated projection_lr to 5e-05
Updated llm_lr to 5e-05
Updated warmup_steps to 50
Updated val_freq to 150
Updated r to 64
Updated lora_alpha to 64
Updated lora_dropout to 0.05
Updated target_modules to ['q_proj', 'v_proj', 'k_proj', 'o_proj', 'gate_proj', 'up_proj', 'down_proj']
Updated llm_gradient_accumulation_steps to 16
Updated train to True
Updated val to True
Updated test to True
Updated tta_passes to 1
Running train_llm.py (Stage 2 - LoRA)...
Finished: r=64, lr=0.00005

================================================================
Running LoRA: r=64, alpha=64, lr=0.00002
================================================================
Updated seed to 0
Updated encoder_path to exps/2026_05_24_11_44_45_train_clip_clip_seed_0/encoder.pt
Updated use_lora to True
Updated lora_trained to False
Updated max_train_steps to 3000
Updated projection_path to exps/2026_05_24_14_17_25_train_llm_train_val_test_vicuna-7b_3200_full_pipeline_0/best_project.pt
Updated tokenizer_path to exps/2026_05_24_14_17_25_train_llm_train_val_test_vicuna-7b_3200_full_pipeline_0/tokenizer
Updated llm_path to exps/2026_05_24_14_17_25_train_llm_train_val_test_vicuna-7b_3200_full_pipeline_0/best_llm_weights.pt
Updated exps_path to exps
Updated freeze_projection to False
Updated modules_to_save to ['embed_tokens']
Updated projection_lr to 2e-05
Updated llm_lr to 2e-05
Updated warmup_steps to 50
Updated val_freq to 150
Updated r to 64
Updated lora_alpha to 64
Updated lora_dropout to 0.05
Updated target_modules to ['q_proj', 'v_proj', 'k_proj', 'o_proj', 'gate_proj', 'up_proj', 'down_proj']
Updated llm_gradient_accumulation_steps to 16
Updated train to True
Updated val to True
Updated test to True
Updated tta_passes to 1
Running train_llm.py (Stage 2 - LoRA)...
Finished: r=64, lr=0.00002

================================================================
Running LoRA: r=128, alpha=128, lr=0.0001
================================================================
Updated seed to 0
Updated encoder_path to exps/2026_05_24_11_44_45_train_clip_clip_seed_0/encoder.pt
Updated use_lora to True
Updated lora_trained to False
Updated max_train_steps to 3000
Updated projection_path to exps/2026_05_24_14_17_25_train_llm_train_val_test_vicuna-7b_3200_full_pipeline_0/best_project.pt
Updated tokenizer_path to exps/2026_05_24_14_17_25_train_llm_train_val_test_vicuna-7b_3200_full_pipeline_0/tokenizer
Updated llm_path to exps/2026_05_24_14_17_25_train_llm_train_val_test_vicuna-7b_3200_full_pipeline_0/best_llm_weights.pt
Updated exps_path to exps
Updated freeze_projection to False
Updated modules_to_save to ['embed_tokens']
Updated projection_lr to 0.0001
Updated llm_lr to 0.0001
Updated warmup_steps to 50
Updated val_freq to 150
Updated r to 128
Updated lora_alpha to 128
Updated lora_dropout to 0.05
Updated target_modules to ['q_proj', 'v_proj', 'k_proj', 'o_proj', 'gate_proj', 'up_proj', 'down_proj']
Updated llm_gradient_accumulation_steps to 16
Updated train to True
Updated val to True
Updated test to True
Updated tta_passes to 1
Running train_llm.py (Stage 2 - LoRA)...
Finished: r=128, lr=0.0001

================================================================
Running LoRA: r=128, alpha=128, lr=0.00005
================================================================
Updated seed to 0
Updated encoder_path to exps/2026_05_24_11_44_45_train_clip_clip_seed_0/encoder.pt
Updated use_lora to True
Updated lora_trained to False
Updated max_train_steps to 3000
Updated projection_path to exps/2026_05_24_14_17_25_train_llm_train_val_test_vicuna-7b_3200_full_pipeline_0/best_project.pt
Updated tokenizer_path to exps/2026_05_24_14_17_25_train_llm_train_val_test_vicuna-7b_3200_full_pipeline_0/tokenizer
Updated llm_path to exps/2026_05_24_14_17_25_train_llm_train_val_test_vicuna-7b_3200_full_pipeline_0/best_llm_weights.pt
Updated exps_path to exps
Updated freeze_projection to False
Updated modules_to_save to ['embed_tokens']
Updated projection_lr to 5e-05
Updated llm_lr to 5e-05
Updated warmup_steps to 50
Updated val_freq to 150
Updated r to 128
Updated lora_alpha to 128
Updated lora_dropout to 0.05
Updated target_modules to ['q_proj', 'v_proj', 'k_proj', 'o_proj', 'gate_proj', 'up_proj', 'down_proj']
Updated llm_gradient_accumulation_steps to 16
Updated train to True
Updated val to True
Updated test to True
Updated tta_passes to 1
Running train_llm.py (Stage 2 - LoRA)...
Finished: r=128, lr=0.00005

================================================================
Running LoRA: r=128, alpha=128, lr=0.00002
================================================================
Updated seed to 0
Updated encoder_path to exps/2026_05_24_11_44_45_train_clip_clip_seed_0/encoder.pt
Updated use_lora to True
Updated lora_trained to False
Updated max_train_steps to 3000
Updated projection_path to exps/2026_05_24_14_17_25_train_llm_train_val_test_vicuna-7b_3200_full_pipeline_0/best_project.pt
Updated tokenizer_path to exps/2026_05_24_14_17_25_train_llm_train_val_test_vicuna-7b_3200_full_pipeline_0/tokenizer
Updated llm_path to exps/2026_05_24_14_17_25_train_llm_train_val_test_vicuna-7b_3200_full_pipeline_0/best_llm_weights.pt
Updated exps_path to exps
Updated freeze_projection to False
Updated modules_to_save to ['embed_tokens']
Updated projection_lr to 2e-05
Updated llm_lr to 2e-05
Updated warmup_steps to 50
Updated val_freq to 150
Updated r to 128
Updated lora_alpha to 128
Updated lora_dropout to 0.05
Updated target_modules to ['q_proj', 'v_proj', 'k_proj', 'o_proj', 'gate_proj', 'up_proj', 'down_proj']
Updated llm_gradient_accumulation_steps to 16
Updated train to True
Updated val to True
Updated test to True
Updated tta_passes to 1
Running train_llm.py (Stage 2 - LoRA)...
Finished: r=128, lr=0.00002

Grid search complete!
